[gtoria.net/index.html]
[backblue.gif]
[fade.gif]
[index.html]
[gtoria.net/core/html/css/bootstrap.css]
[gtoria.net/core/html/css/global8e0e.css]
[gtoria.net/core/html/css/font-awesome.min.css]
[gtoria.net/favicon.ico]
[gtoria.net/core/html/js/jquery-3.1.0.min.js]
[gtoria.net/core/html/js/gibberish-aes-1.0.0.min.js]
[gtoria.net/core/html/js/bootstrap.min.js]
[pagead2.googlesyndication.com/pagead/js/f.txt]
[www.google-analytics.com/analytics.js]
[gtoria.net/core/html/css/style4cc8.css]
[gtoria.net/core/html/js/particles.min.js]
[gtoria.net/core/func/js/html/navigationd480.js]
[gtoria.net/core/html/img/logo.png]
[gtoria.net/forum.html]
[gtoria.net/games.html]
[gtoria.net/catalog.html]
[gtoria.net/users.html]
[gtoria.net/core/func/js/auth/login30f4.js]
[www.google.com/recaptcha/api.js]
[gtoria.net/core/func/js/auth/registerbcfe.js]
[gtoria.net/forum+134.html]
[gtoria.net/index.html]
[gtoria.net/forum+136.html]
[gtoria.net/core/html/fonts/glyphicons-halflings-regular.eot]
[gtoria.net/core/html/fonts/glyphicons-halflings-regulard41d.eot]
[gtoria.net/core/html/fonts/glyphicons-halflings-regular.woff2]
[gtoria.net/core/html/fonts/glyphicons-halflings-regular.woff]
[gtoria.net/core/html/fonts/glyphicons-halflings-regular.ttf]
[gtoria.net/core/html/css/bootstrap.css]
[gtoria.net/core/html/css/global8e0e.css]
[gtoria.net/core/html/fonts/glyphicons-halflings-regular.svg]
[gtoria.net/core/html/fonts/fontawesome-webfont3e6e.eot]
[gtoria.net/core/html/fonts/fontawesome-webfontd41d.eot]
[gtoria.net/core/html/fonts/fontawesome-webfont3e6e.woff2]
[gtoria.net/core/html/fonts/fontawesome-webfont3e6e.woff]
[gtoria.net/core/html/fonts/fontawesome-webfont3e6e.ttf]
[gtoria.net/core/html/css/font-awesome.min.css]
[gtoria.net/core/html/css/style4cc8.css]
[gtoria.net/forum.html]
[gtoria.net/core/func/js/forumfad9.js]
[gtoria.net/core/func/js/gamesPage5de1.js]
[gtoria.net/core/html/fonts/fontawesome-webfont3e6e.svg]
[gtoria.net/games.html]
[gtoria.net/core/func/api/catalog/getItems47d9.html]
[gtoria.net/catalog.html]
[gtoria.net/core/func/js/catalog83eb.js]
[gtoria.net/core/func/js/users.js]
[gtoria.net/users.html]
[gtoria.net/forum+134.html]
[gtoria.net/forum+136.html]
[gtoria.net/core/html/fonts/glyphicons-halflings-regular.svg]
[gtoria.net/core/html/fonts/fontawesome-webfont3e6e.svg]
[gtoria.net/core/func/api/catalog/getItems47d9.html]
[gtoria.net/user/online.html]
[gtoria.net/user/online.html]
[gtoria.net/core/func/api/users/getOnline.html]
[gtoria.net/user/profile/Storm.html]
[gtoria.net/user/profile/Wizardox.html]
[gtoria.net/user/profile/Love.html]
[gtoria.net/user/profile/DeezNuts.html]
[gtoria.net/core/func/api/users/getOnline.html]
[gtoria.net/user/profile/moha.html]
[gtoria.net/core/func/js/profileae52.js]
[gtoria.net/groups/view/6.html]
[gtoria.net/groups/view/5.html]
[gtoria.net/user/profile/ThatRedGuy.html]
[gtoria.net/user/profile/Tommy.html]
[gtoria.net/user/profile/Yolo.html]
[gtoria.net/user/profile/Kitty.html]
[gtoria.net/user/profile/Slap.html]
[gtoria.net/user/profile/Storm.html]
[gtoria.net/html/img/badges/5ae52.png]
[gtoria.net/user/profile/Wizardox.html]
[gtoria.net/user/profile/NormanDie.html]
[gtoria.net/user/profile/ass.html]
[gtoria.net/user/profile/chess.html]
[gtoria.net/user/profile/RXGE.html]
[gtoria.net/user/profile/XlXi.html]
[gtoria.net/user/profile/Flameboy96.html]
[gtoria.net/user/profile/poop.html]
[gtoria.net/user/profile/Love.html]
[gtoria.net/friends/show/Love.html]
[gtoria.net/groups/view/163.html]
[gtoria.net/user/profile/Mezzelo.html]
[gtoria.net/user/profile/TX6.html]
[gtoria.net/user/profile/Catgirl.html]
[gtoria.net/user/profile/Thermal.html]
[gtoria.net/user/profile/v0yt3x1.html]
[gtoria.net/user/profile/morzz.html]
[gtoria.net/user/profile/crucifix.html]
[gtoria.net/user/profile/DeezNuts.html]
[gtoria.net/friends/show/DeezNuts.html]
[gtoria.net/user/profile/moha.html]
[gtoria.net/user/profile/Adem.html]
[gtoria.net/groups/view/6.html]
[gtoria.net/core/func/js/viewGroup.js]
[gtoria.net/groups/view/5.html]
[gtoria.net/user/profile/linuxmint.html]
[gtoria.net/groups/view/37.html]
[gtoria.net/groups/view/1.html]
[gtoria.net/groups/view/113.html]
[gtoria.net/groups/view/100.html]
[gtoria.net/groups/view/12.html]
[gtoria.net/groups/view/15.html]
[gtoria.net/groups/view/16.html]
[gtoria.net/groups/view/107.html]
[gtoria.net/groups/view/44.html]
[gtoria.net/groups/view/98.html]
[gtoria.net/user/profile/bobux_thief.html]
[gtoria.net/user/profile/landscape.html]
[gtoria.net/user/profile/Revenge.html]
[gtoria.net/user/profile/Looper.html]
[gtoria.net/user/profile/Graphictorian.html]
[gtoria.net/user/profile/pichu.html]
[gtoria.net/user/profile/Themetalshadow.html]
[gtoria.net/user/profile/ThatRedGuy.html]
[gtoria.net/friends/show/ThatRedGuy.html]
[gtoria.net/groups/view/36.html]
[gtoria.net/groups/view/9.html]
[gtoria.net/groups/view/106.html]
[gtoria.net/groups/view/90.html]
[gtoria.net/user/profile/TheSpiderLuke.html]
[gtoria.net/user/profile/GandalfPizza.html]
[gtoria.net/user/profile/vtyz.html]
[gtoria.net/user/profile/Mungtang_E.html]
[gtoria.net/user/profile/AestheticalBloxy.html]
[gtoria.net/user/profile/brenden7158.html]
[gtoria.net/user/profile/hihihi123.html]
[gtoria.net/user/profile/Iraq.html]
[gtoria.net/user/profile/Tommy.html]
[gtoria.net/friends/show/Tommy.html]
[gtoria.net/user/profile/Noob.html]
[gtoria.net/user/profile/checkers.html]
[gtoria.net/user/profile/Nintendo.html]
[gtoria.net/user/profile/cat.html]
[gtoria.net/user/profile/Yolo.html]
[gtoria.net/user/profile/dino.html]
[gtoria.net/groups/view/8.html]
[gtoria.net/groups/view/13.html]
[gtoria.net/groups/view/20.html]
[gtoria.net/groups/view/4.html]
[gtoria.net/groups/view/10.html]
[gtoria.net/groups/view/27.html]
[gtoria.net/groups/view/28.html]
[gtoria.net/user/profile/iOS.html]
[gtoria.net/user/profile/Erik.html]
[gtoria.net/user/profile/TZolta.html]
[gtoria.net/user/profile/Mikimad.html]
[gtoria.net/user/profile/StreetDoom.html]
[gtoria.net/user/profile/powdered.html]
[gtoria.net/user/profile/fsdsim.html]
[gtoria.net/user/profile/Kitty.html]
[gtoria.net/friends/show/Kitty.html]
[gtoria.net/user/profile/Hexiero.html]
[gtoria.net/user/profile/BlizzardQt.html]
[gtoria.net/user/profile/Ktrain.html]
[gtoria.net/user/profile/Hello.html]
[gtoria.net/user/profile/Slap.html]
[gtoria.net/user/profile/NormanDie.html]
[gtoria.net/friends/show/Slap.html]
[gtoria.net/groups/view/136.html]
[gtoria.net/user/profile/ass.html]
[gtoria.net/user/profile/Garfield.html]
[gtoria.net/groups/view/14.html]
[gtoria.net/groups/view/11.html]
[gtoria.net/groups/view/7.html]
[gtoria.net/user/profile/watcha27.html]
[gtoria.net/user/profile/E_1.html]
[gtoria.net/user/profile/Saturation.html]
[gtoria.net/user/profile/my.html]
[gtoria.net/user/profile/chess.html]
[gtoria.net/friends/show/chess.html]
[gtoria.net/groups/view/97.html]
[gtoria.net/user/profile/AlonsoStuff.html]
[gtoria.net/user/profile/RXGE.html]
[gtoria.net/user/profile/Shad.html]
[gtoria.net/cdn-cgi/l/email-protection.html]
[gtoria.net/groups/view/56.html]
[gtoria.net/groups/view/92.html]
[gtoria.net/groups/view/159.html]
[gtoria.net/cdn-cgi/scripts/5c5dd728/cloudflare-static/email-decode.min.js]
[gtoria.net/user/profile/MeowAwo.html]
[gtoria.net/user/profile/plsmakemerich12.html]
[gtoria.net/user/profile/enzogamer123vv.html]
[gtoria.net/user/profile/greh.html]
[gtoria.net/user/profile/l_I.html]
[gtoria.net/user/profile/epixxlol.html]
[gtoria.net/friends/show/XlXi.html]
[gtoria.net/html/img/badges/7ae52.png]
[gtoria.net/html/img/badges/8ae52.png]
[gtoria.net/html/img/badges/3ae52.png]
[gtoria.net/html/img/badges/2ae52.png]
[gtoria.net/user/profile/XlXi.html]
[gtoria.net/user/profile/Skampus.html]
[gtoria.net/user/profile/Yap.html]
[gtoria.net/user/profile/frxstedthepanda.html]
[gtoria.net/user/profile/Flameboy96.html]
[gtoria.net/friends/show/Flameboy96.html]
[gtoria.net/groups/view/3.html]
[gtoria.net/user/profile/Creamy.html]
[gtoria.net/user/profile/DOS.html]
[gtoria.net/user/profile/Gerry.html]
[gtoria.net/user/profile/GSealock.html]
[gtoria.net/user/profile/pap.html]
[gtoria.net/user/profile/Kakarot.html]
[gtoria.net/user/profile/specowos.html]
[gtoria.net/user/profile/poop.html]
[gtoria.net/friends/show/poop.html]
[gtoria.net/friends/show/Love.html]
[gtoria.net/groups/view/163.html]
[gtoria.net/core/func/js/friends/show.js]
[gtoria.net/groups/view/105.html]
[gtoria.net/groups/view/35.html]
[gtoria.net/user/profile/Rectangle_Man.html]
[gtoria.net/user/profile/Hooligani.html]
[gtoria.net/user/profile/cow.html]
[gtoria.net/user/profile/Mezzelo.html]
[gtoria.net/friends/show/Mezzelo.html]
[gtoria.net/user/profile/Shull19.html]
[gtoria.net/user/profile/NoxBox.html]
[gtoria.net/user/profile/JBro.html]
[gtoria.net/user/profile/TX6.html]
[gtoria.net/friends/show/TX6.html]
[gtoria.net/groups/view/43.html]
[gtoria.net/groups/view/128.html]
[gtoria.net/user/profile/redman.html]
[gtoria.net/user/profile/toy.html]
[gtoria.net/user/profile/Catgirl.html]
[gtoria.net/friends/show/Catgirl.html]
[gtoria.net/groups/view/59.html]
[gtoria.net/groups/view/19.html]
[gtoria.net/user/profile/Casenn05.html]
[gtoria.net/user/profile/chain.html]
[gtoria.net/user/profile/dios.html]
[gtoria.net/user/profile/Thermal.html]
[gtoria.net/friends/show/Thermal.html]
[gtoria.net/user/profile/c00lkidd.html]
[gtoria.net/user/profile/WWWWWWWWWWWWWWWWWWWW.html]
[gtoria.net/user/profile/1x1x1.html]
[gtoria.net/user/profile/0_0.html]
[gtoria.net/user/profile/Robert.html]
[gtoria.net/user/profile/v0yt3x1.html]
[gtoria.net/friends/show/v0yt3x1.html]
[gtoria.net/user/profile/morzz.html]
[gtoria.net/friends/show/morzz.html]
[gtoria.net/user/profile/Vress.html]
[gtoria.net/user/profile/memes.html]
[gtoria.net/user/profile/crucifix.html]
[gtoria.net/friends/show/DeezNuts.html]
[gtoria.net/friends/show/crucifix.html]
[gtoria.net/groups/view/153.html]
[gtoria.net/user/profile/doodama.html]
[gtoria.net/user/profile/mrraw.html]
[gtoria.net/user/profile/Adem.html]
[gtoria.net/user/profile/linuxmint.html]
[gtoria.net/user/profile/Windows7.html]
[gtoria.net/groups/view/37.html]
[gtoria.net/user/profile/png.html]
[gtoria.net/groups/view/1.html]
[gtoria.net/user/profile/wehateyouvvita.html]
[gtoria.net/groups/view/113.html]
[gtoria.net/groups/view/100.html]
[gtoria.net/user/profile/ZeroBloxxed.html]
[gtoria.net/groups/view/12.html]
[gtoria.net/user/profile/bruh.html]
[gtoria.net/groups/view/15.html]
[gtoria.net/groups/view/16.html]
[gtoria.net/user/profile/theodore.html]
[gtoria.net/groups/view/107.html]
[gtoria.net/groups/view/44.html]
[gtoria.net/user/profile/grimmur_drezmor.html]
[gtoria.net/groups/view/98.html]
[gtoria.net/user/profile/nailozaz.html]
[gtoria.net/groups/view/61.html]
[gtoria.net/groups/view/80.html]
[gtoria.net/user/profile/EilayBan.html]
[gtoria.net/user/profile/StupidPros.html]
[gtoria.net/user/profile/epicman89.html]
[gtoria.net/user/profile/Regera91.html]
[gtoria.net/user/profile/MisterCaptainObvious.html]
[gtoria.net/user/profile/bobux_thief.html]
[gtoria.net/user/profile/landscape.html]
[gtoria.net/friends/show/bobux_thief.html]
[gtoria.net/groups/view/111.html]
[gtoria.net/groups/view/110.html]
[gtoria.net/groups/view/71.html]
[gtoria.net/groups/view/150.html]
[gtoria.net/user/profile/Revenge.html]
[gtoria.net/groups/view/143.html]
[gtoria.net/groups/view/135.html]
[gtoria.net/groups/view/152.html]
[gtoria.net/groups/view/168.html]
[gtoria.net/user/profile/Spacemonkey.html]
[gtoria.net/user/profile/endernicalt.html]
[gtoria.net/user/profile/iamgladitsback.html]
[gtoria.net/user/profile/Kitten.html]
[gtoria.net/user/profile/Looper.html]
[gtoria.net/friends/show/Looper.html]
[gtoria.net/groups/view/66.html]
[gtoria.net/groups/view/79.html]
[gtoria.net/groups/view/17.html]
[gtoria.net/groups/view/62.html]
[gtoria.net/user/profile/Burpens.html]
[gtoria.net/user/profile/Liamish11.html]
[gtoria.net/user/profile/banned.html]
[gtoria.net/user/profile/GraphictoriaAccount.html]
[gtoria.net/user/profile/Graphictorian.html]
[gtoria.net/friends/show/Graphictorian.html]
[gtoria.net/user/profile/Anthony.html]
[gtoria.net/user/profile/ball.html]
[gtoria.net/user/profile/pichu.html]
[gtoria.net/friends/show/pichu.html]
[gtoria.net/groups/view/147.html]
[gtoria.net/user/profile/erickgotem.html]
[gtoria.net/user/profile/SlEGHART.html]
[gtoria.net/user/profile/DAVI_AAAAAA.html]
[gtoria.net/user/profile/Themetalshadow.html]
[gtoria.net/friends/show/ThatRedGuy.html]
[gtoria.net/friends/show/Themetalshadow.html]
[gtoria.net/groups/view/36.html]
[gtoria.net/user/profile/Zaturneon.html]
[gtoria.net/groups/view/9.html]
[gtoria.net/user/profile/Player.html]
[gtoria.net/groups/view/106.html]
[gtoria.net/groups/view/90.html]
[gtoria.net/user/profile/TheSpiderLuke.html]
[gtoria.net/user/profile/boi.html]
[gtoria.net/user/profile/GandalfPizza.html]
[gtoria.net/user/profile/zxcbvn13576.html]
[gtoria.net/user/profile/vtyz.html]
[gtoria.net/user/profile/nonamebody12.html]
[gtoria.net/user/profile/Mungtang_E.html]
[gtoria.net/user/profile/AestheticalBloxy.html]
[gtoria.net/user/profile/IceCube.html]
[gtoria.net/user/profile/8F9.html]
[gtoria.net/user/profile/Void.html]
[gtoria.net/user/profile/kiddyl.html]
[gtoria.net/user/profile/Nik.html]
[gtoria.net/user/profile/brenden7158.html]
[gtoria.net/friends/show/brenden7158.html]
[gtoria.net/user/profile/hihihi123.html]
[gtoria.net/user/profile/Terminal.html]
[gtoria.net/groups/view/156.html]
[gtoria.net/groups/view/140.html]
[gtoria.net/groups/view/160.html]
[gtoria.net/groups/view/154.html]
[gtoria.net/groups/view/138.html]
[gtoria.net/groups/view/161.html]
[gtoria.net/user/profile/tomika67.html]
[gtoria.net/user/profile/lebowski.html]
[gtoria.net/user/profile/Batousai_X.html]
[gtoria.net/user/profile/Remainings.html]
[gtoria.net/user/profile/333.html]
[gtoria.net/user/profile/Turbosecks.html]
[gtoria.net/user/profile/Iraq.html]
[gtoria.net/friends/show/Tommy.html]
[gtoria.net/friends/show/Iraq.html]
[gtoria.net/groups/view/69.html]
[gtoria.net/groups/view/39.html]
[gtoria.net/user/profile/realtorguy.html]
[gtoria.net/user/profile/Evan.html]
[gtoria.net/user/profile/iPodNano2G.html]
[gtoria.net/user/profile/Alex007.html]
[gtoria.net/user/profile/Private.html]
[gtoria.net/user/profile/Hye.html]
[gtoria.net/user/profile/Noob.html]
[gtoria.net/friends/show/Noob.html]
[gtoria.net/groups/view/34.html]
[gtoria.net/groups/view/31.html]
[gtoria.net/user/profile/Dado.html]
[gtoria.net/user/profile/pee.html]
[gtoria.net/user/profile/Wannacry.html]
[gtoria.net/user/profile/hominggunkin.html]
[gtoria.net/user/profile/checkers.html]
[gtoria.net/friends/show/checkers.html]
[gtoria.net/user/profile/Nintendo.html]
[gtoria.net/user/profile/see.html]
[gtoria.net/user/profile/TopMeme.html]
[gtoria.net/user/profile/BrickToy.html]
[gtoria.net/user/profile/table.html]
[gtoria.net/user/profile/Ellina.html]
[gtoria.net/user/profile/cat.html]
[gtoria.net/friends/show/cat.html]
[gtoria.net/user/profile/dino.html]
[gtoria.net/user/profile/Lmao.html]
[gtoria.net/groups/view/8.html]
[gtoria.net/groups/view/13.html]
[gtoria.net/user/profile/night.html]
[gtoria.net/groups/view/20.html]
[gtoria.net/user/profile/drybones.html]
[gtoria.net/groups/view/4.html]
[gtoria.net/user/profile/popbob.html]
[gtoria.net/groups/view/10.html]
[gtoria.net/user/profile/Thomasluigi07.html]
[gtoria.net/groups/view/27.html]
[gtoria.net/groups/view/28.html]
[gtoria.net/user/profile/iOS.html]
[gtoria.net/user/profile/shaggy2514.html]
[gtoria.net/user/profile/Kategawa3.html]
[gtoria.net/user/profile/Neskeroni.html]
[gtoria.net/user/profile/Erik.html]
[gtoria.net/friends/show/Erik.html]
[gtoria.net/user/profile/TZolta.html]
[gtoria.net/user/profile/worker.html]
[gtoria.net/groups/view/165.html]
[gtoria.net/user/profile/Nidoking.html]
[gtoria.net/user/profile/Mikimad.html]
[gtoria.net/user/profile/CatCupcake7854.html]
[gtoria.net/groups/view/169.html]
[gtoria.net/user/profile/StreetDoom.html]
[gtoria.net/user/profile/Aniss.html]
[gtoria.net/user/profile/powdered.html]
[gtoria.net/groups/view/148.html]
[gtoria.net/groups/view/162.html]
[gtoria.net/user/profile/fsdsim.html]
[gtoria.net/friends/show/Kitty.html]
[gtoria.net/user/profile/Hexiero.html]
[gtoria.net/user/profile/BlizzardQt.html]
[gtoria.net/user/profile/Ktrain.html]
[gtoria.net/user/profile/PlayGraphictoria.html]
[gtoria.net/groups/view/21.html]
[gtoria.net/user/profile/HeIIo.html]
[gtoria.net/user/profile/Shedletsky.html]
[gtoria.net/user/profile/6392.html]
[gtoria.net/user/profile/Melvin90.html]
[gtoria.net/user/profile/greatgamer99.html]
[gtoria.net/user/profile/ABC.html]
[gtoria.net/user/profile/Hello.html]
[gtoria.net/friends/show/Slap.html]
[gtoria.net/groups/view/136.html]
[gtoria.net/friends/show/Hello.html]
[gtoria.net/user/profile/BoxxedBread.html]
[gtoria.net/user/profile/Stick.html]
[gtoria.net/user/profile/Crossroads.html]
[gtoria.net/user/profile/Unknown.html]
[gtoria.net/user/profile/Garfield.html]
[gtoria.net/groups/view/14.html]
[gtoria.net/friends/show/Garfield.html]
[gtoria.net/groups/view/11.html]
[gtoria.net/groups/view/7.html]
[gtoria.net/user/profile/Builderman.html]
[gtoria.net/user/profile/Yep.html]
[gtoria.net/user/profile/IMASQEXOFFENDER.html]
[gtoria.net/user/profile/watcha27.html]
[gtoria.net/user/profile/Copperume.html]
[gtoria.net/user/profile/ok1.html]
[gtoria.net/user/profile/E_1.html]
[gtoria.net/friends/show/E_1.html]
[gtoria.net/user/profile/Infomaniac.html]
[gtoria.net/user/profile/brickbuilder.html]
[gtoria.net/user/profile/Saturation.html]
[gtoria.net/user/profile/my.html]
[gtoria.net/friends/show/chess.html]
[gtoria.net/groups/view/97.html]
[gtoria.net/friends/show/Saturation.html]
[gtoria.net/groups/view/38.html]
[gtoria.net/groups/view/83.html]
[gtoria.net/groups/view/131.html]
[gtoria.net/user/profile/ItsRainingPotatoes.html]
[gtoria.net/user/profile/Gott.html]
[gtoria.net/user/profile/santiagodelmeme233.html]
[gtoria.net/user/profile/Tailscrash.html]
[gtoria.net/user/profile/xRazorF.html]
[gtoria.net/user/profile/AlonsoStuff.html]
[gtoria.net/user/profile/Shad.html]
[gtoria.net/cdn-cgi/l/email-protection.html]
[gtoria.net/friends/show/AlonsoStuff.html]
[gtoria.net/groups/view/56.html]
[gtoria.net/user/profile/JoshUNBI.html]
[gtoria.net/groups/view/92.html]
[gtoria.net/groups/view/159.html]
[gtoria.net/user/profile/MeowAwo.html]
[gtoria.net/user/profile/Harkinian.html]
[gtoria.net/user/profile/Floppa.html]
[gtoria.net/user/profile/NetBooks.html]
[gtoria.net/user/profile/Sky.html]
[gtoria.net/user/profile/plsmakemerich12.html]
[gtoria.net/user/profile/enzogamer123vv.html]
[gtoria.net/user/profile/greh.html]
[gtoria.net/friends/show/plsmakemerich12.html]
[gtoria.net/groups/view/167.html]
[gtoria.net/user/profile/LOL.html]
[gtoria.net/user/profile/l_I.html]
[gtoria.net/user/profile/epixxlol.html]
[gtoria.net/friends/show/XlXi.html]
[gtoria.net/friends/show/l_I.html]
[gtoria.net/user/profile/Pixtle.html]
[gtoria.net/user/profile/Misterblox.html]
[gtoria.net/user/profile/Shambler.html]
[gtoria.net/user/profile/Killah.html]
[gtoria.net/user/profile/Skampus.html]
[gtoria.net/friends/show/Skampus.html]
[gtoria.net/groups/view/60.html]
[gtoria.net/user/profile/pinzit.html]
[gtoria.net/user/profile/GodOfPwnage.html]
[gtoria.net/user/profile/Yap.html]
[gtoria.net/user/profile/frxstedthepanda.html]
[gtoria.net/friends/show/Flameboy96.html]
[gtoria.net/friends/show/Yap.html]
[gtoria.net/groups/view/3.html]
[gtoria.net/user/profile/iceman.html]
[gtoria.net/groups/view/84.html]
[gtoria.net/user/profile/Ranger.html]
[gtoria.net/user/profile/Creamy.html]
[gtoria.net/friends/show/Creamy.html]
[gtoria.net/groups/view/42.html]
[gtoria.net/user/profile/Boy.html]
[gtoria.net/user/profile/DOS.html]
[gtoria.net/user/profile/XXXTENTACION.html]
[gtoria.net/user/profile/spongebob.html]
[gtoria.net/user/profile/Gerry.html]
[gtoria.net/user/profile/dood.html]
[gtoria.net/groups/view/116.html]
[gtoria.net/user/profile/Ham.html]
[gtoria.net/user/profile/Slide.html]
[gtoria.net/user/profile/GraphFan.html]
[gtoria.net/user/profile/GSealock.html]
[gtoria.net/friends/show/GSealock.html]
[gtoria.net/user/profile/Negro.html]
[gtoria.net/user/profile/pap.html]
[gtoria.net/friends/show/pap.html]
[gtoria.net/user/profile/yimy.html]
[gtoria.net/user/profile/Kakarot.html]
[gtoria.net/user/profile/kushstealer.html]
[gtoria.net/user/profile/moonwolf.html]
[gtoria.net/user/profile/straussj15.html]
[gtoria.net/user/profile/Dovahkiin.html]
[gtoria.net/user/profile/specowos.html]
[gtoria.net/friends/show/poop.html]
[gtoria.net/friends/show/specowos.html]
[gtoria.net/groups/view/105.html]
[gtoria.net/user/profile/LukeCoal.html]
[gtoria.net/groups/view/35.html]
[gtoria.net/user/profile/jerd.html]
[gtoria.net/user/profile/ZoeyMyu.html]
[gtoria.net/user/profile/duis.html]
[gtoria.net/user/profile/Rectangle_Man.html]
[gtoria.net/user/profile/Hooligani.html]
[gtoria.net/friends/show/Rectangle_Man.html]
[gtoria.net/user/profile/4zy1.html]
[gtoria.net/user/profile/lolo999.html]
[gtoria.net/user/profile/ImSooNoob.html]
[gtoria.net/user/profile/natan.html]
[gtoria.net/user/profile/cow.html]
[gtoria.net/friends/show/Mezzelo.html]
[gtoria.net/friends/show/cow.html]
[gtoria.net/user/profile/miata.html]
[gtoria.net/user/profile/Shull19.html]
[gtoria.net/friends/show/Shull19.html]
[gtoria.net/groups/view/142.html]
[gtoria.net/groups/view/91.html]
[gtoria.net/user/profile/James.html]
[gtoria.net/user/profile/dew.html]
[gtoria.net/user/profile/BoxNox.html]
[gtoria.net/user/profile/superJP335.html]
[gtoria.net/user/profile/noobix.html]
[gtoria.net/user/profile/NoxBox.html]
[gtoria.net/friends/show/NoxBox.html]
[gtoria.net/user/profile/Service.html]
[gtoria.net/user/profile/Adam.html]
[gtoria.net/user/profile/Windows.html]
[gtoria.net/user/profile/warp.html]
[gtoria.net/user/profile/Epicgamer.html]
[gtoria.net/user/profile/JBro.html]
[gtoria.net/friends/show/TX6.html]
[gtoria.net/friends/show/JBro.html]
[gtoria.net/groups/view/43.html]
[gtoria.net/groups/view/128.html]
[gtoria.net/user/profile/daniil30012003.html]
[gtoria.net/user/profile/branferns.html]
[gtoria.net/user/profile/Kylar.html]
[gtoria.net/user/profile/M1LKMAN.html]
[gtoria.net/user/profile/redman.html]
[gtoria.net/friends/show/redman.html]
[gtoria.net/user/profile/toy.html]
[gtoria.net/friends/show/Catgirl.html]
[gtoria.net/groups/view/59.html]
[gtoria.net/groups/view/19.html]
[gtoria.net/friends/show/toy.html]
[gtoria.net/groups/view/108.html]
[gtoria.net/groups/view/124.html]
[gtoria.net/groups/view/166.html]
[gtoria.net/user/profile/Casenn05.html]
[gtoria.net/user/profile/chain.html]
[gtoria.net/friends/show/Casenn05.html]
[gtoria.net/user/profile/LezIS.html]
[gtoria.net/user/profile/dios.html]
[gtoria.net/friends/show/Thermal.html]
[gtoria.net/user/profile/dark.html]
[gtoria.net/user/profile/redeyestevegaming.html]
[gtoria.net/user/profile/TheCommunity.html]
[gtoria.net/user/profile/c00lkidd.html]
[gtoria.net/user/profile/WWWWWWWWWWWWWWWWWWWW.html]
[gtoria.net/user/profile/eletrico.html]
[gtoria.net/user/profile/1x1x1.html]
[gtoria.net/user/profile/Anonymous.html]
[gtoria.net/groups/view/104.html]
[gtoria.net/user/profile/lucasfriend.html]
[gtoria.net/user/profile/NostalgicAgain.html]
[gtoria.net/user/profile/0_0.html]
[gtoria.net/friends/show/0_0.html]
[gtoria.net/user/profile/246.html]
[gtoria.net/user/profile/George.html]
[gtoria.net/user/profile/Yusdiel.html]
[gtoria.net/user/profile/Robert.html]
[gtoria.net/friends/show/v0yt3x1.html]
[gtoria.net/friends/show/morzz.html]
[gtoria.net/friends/show/Robert.html]
[gtoria.net/groups/view/89.html]
[gtoria.net/user/profile/nuts.html]
[gtoria.net/user/profile/deez.html]
[gtoria.net/user/profile/Mrcool.html]
[gtoria.net/user/profile/redjets2.html]
[gtoria.net/user/profile/Vress.html]
[gtoria.net/friends/show/Vress.html]
[gtoria.net/groups/view/134.html]
[gtoria.net/user/profile/ShinArticuno.html]
[gtoria.net/user/profile/Aim.html]
[gtoria.net/user/profile/memes.html]
[gtoria.net/friends/show/crucifix.html]
[gtoria.net/friends/show/memes.html]
[gtoria.net/groups/view/153.html]
[gtoria.net/user/profile/T_Sean.html]
[gtoria.net/user/profile/wescarmant.html]
[gtoria.net/user/profile/doodama.html]
[gtoria.net/friends/show/doodama.html]
[gtoria.net/user/profile/CottonPickingJohn.html]
[gtoria.net/user/profile/mrraw.html]
[gtoria.net/user/profile/Windows7.html]
[gtoria.net/friends/show/mrraw.html]
[gtoria.net/user/profile/Pluto.html]
[gtoria.net/user/profile/png.html]
[gtoria.net/user/profile/Surf.html]
[gtoria.net/user/profile/floxy.html]
[gtoria.net/user/profile/Pleasenicos.html]
[gtoria.net/user/profile/king.html]
[gtoria.net/user/profile/g0rdonfreeman.html]
[gtoria.net/user/profile/Alkan.html]
[gtoria.net/user/profile/Nachos80.html]
[gtoria.net/user/profile/wehateyouvvita.html]
[gtoria.net/friends/show/wehateyouvvita.html]
[gtoria.net/groups/view/75.html]
[gtoria.net/user/profile/X_X.html]
[gtoria.net/user/profile/ZeroBloxxed.html]
[gtoria.net/friends/show/ZeroBloxxed.html]
[gtoria.net/user/profile/bruh.html]
[gtoria.net/user/profile/Gecst.html]
[gtoria.net/user/profile/KJF.html]
[gtoria.net/user/profile/janx.html]
[gtoria.net/user/profile/theodore.html]
[gtoria.net/friends/show/theodore.html]
[gtoria.net/user/profile/grimmur_drezmor.html]
[gtoria.net/user/profile/Catchthis.html]
[gtoria.net/user/profile/Diactoros.html]
[gtoria.net/user/profile/nailozaz.html]
[gtoria.net/groups/view/61.html]
[gtoria.net/groups/view/80.html]
[gtoria.net/friends/show/nailozaz.html]
[gtoria.net/groups/view/25.html]
[gtoria.net/user/profile/Kyfor.html]
[gtoria.net/user/profile/lollolman.html]
[gtoria.net/user/profile/peace.html]
[gtoria.net/user/profile/bobux_thiefissorry.html]
[gtoria.net/user/profile/EilayBan.html]
[gtoria.net/friends/show/EilayBan.html]
[gtoria.net/user/profile/Nos.html]
[gtoria.net/user/profile/StupidPros.html]
[gtoria.net/user/profile/Lucijan.html]
[gtoria.net/user/profile/adam-2.html]
[gtoria.net/user/profile/epicman89.html]
[gtoria.net/user/profile/NotJohn.html]
[gtoria.net/user/profile/kanye.html]
[gtoria.net/user/profile/Regera91.html]
[gtoria.net/friends/show/Regera91.html]
[gtoria.net/user/profile/Watch.html]
[gtoria.net/user/profile/MisterCaptainObvious.html]
[gtoria.net/friends/show/bobux_thief.html]
[gtoria.net/groups/view/111.html]
[gtoria.net/friends/show/MisterCaptainObvious.html]
[gtoria.net/groups/view/110.html]
[gtoria.net/groups/view/71.html]
[gtoria.net/groups/view/150.html]
[gtoria.net/user/profile/windowswhistler.html]
[gtoria.net/groups/view/143.html]
[gtoria.net/groups/view/135.html]
[gtoria.net/user/profile/sain.html]
[gtoria.net/groups/view/152.html]
[gtoria.net/groups/view/168.html]
[gtoria.net/user/profile/Builderman008.html]
[gtoria.net/user/profile/willy.html]
[gtoria.net/user/profile/SWORD_MASTER.html]
[gtoria.net/user/profile/Spoon.html]
[gtoria.net/user/profile/Spacemonkey.html]
[gtoria.net/friends/show/Spacemonkey.html]
[gtoria.net/user/profile/endernicalt.html]
[gtoria.net/groups/view/146.html]
[gtoria.net/user/profile/angrybirdice.html]
[gtoria.net/user/profile/Horse.html]
[gtoria.net/user/profile/Patrinus.html]
[gtoria.net/user/profile/iamgladitsback.html]
[gtoria.net/user/profile/Kitten.html]
[gtoria.net/friends/show/Looper.html]
[gtoria.net/groups/view/66.html]
[gtoria.net/friends/show/iamgladitsback.html]
[gtoria.net/groups/view/79.html]
[gtoria.net/user/profile/posey.html]
[gtoria.net/groups/view/17.html]
[gtoria.net/groups/view/62.html]
[gtoria.net/user/profile/Burpens.html]
[gtoria.net/user/profile/cuke.html]
[gtoria.net/groups/view/129.html]
[gtoria.net/user/profile/Soga.html]
[gtoria.net/user/profile/mikozol.html]
[gtoria.net/user/profile/Liamish11.html]
[gtoria.net/friends/show/Liamish11.html]
[gtoria.net/user/profile/invent.html]
[gtoria.net/user/profile/SnowFort.html]
[gtoria.net/user/profile/banned.html]
[gtoria.net/friends/show/banned.html]
[gtoria.net/groups/view/120.html]
[gtoria.net/groups/view/119.html]
[gtoria.net/groups/view/117.html]
[gtoria.net/groups/view/115.html]
[gtoria.net/groups/view/114.html]
[gtoria.net/user/profile/GraphictoriaAccount.html]
[gtoria.net/friends/show/Graphictorian.html]
[gtoria.net/groups/view/112.html]
[gtoria.net/user/profile/Anthony.html]
[gtoria.net/user/profile/totallynotantbathtu.html]
[gtoria.net/user/profile/ball.html]
[gtoria.net/friends/show/pichu.html]
[gtoria.net/friends/show/ball.html]
[gtoria.net/groups/view/147.html]
[gtoria.net/user/profile/Bloxx3r.html]
[gtoria.net/user/profile/erickgotem.html]
[gtoria.net/user/profile/V1NC3NT.html]
[gtoria.net/user/profile/SlEGHART.html]
[gtoria.net/user/profile/GearFighter.html]
[gtoria.net/user/profile/Blox1.html]
[gtoria.net/user/profile/DAVI_AAAAAA.html]
[gtoria.net/friends/show/Themetalshadow.html]
[gtoria.net/user/profile/Zaturneon.html]
[gtoria.net/user/profile/Player.html]
[gtoria.net/user/profile/Perro.html]
[gtoria.net/user/profile/boi.html]
[gtoria.net/user/profile/zxcbvn13576.html]
[gtoria.net/user/profile/nonamebody12.html]
[gtoria.net/user/profile/Ven.html]
[gtoria.net/user/profile/IceCube.html]
[gtoria.net/user/profile/teke.html]
[gtoria.net/user/profile/cazum9.html]
[gtoria.net/user/profile/Mb65.html]
[gtoria.net/user/profile/8F9.html]
[gtoria.net/friends/show/8F9.html]
[gtoria.net/groups/view/30.html]
[gtoria.net/user/profile/sleep.html]
[gtoria.net/user/profile/lush.html]
[gtoria.net/user/profile/Void.html]
[gtoria.net/user/profile/kiddyl.html]
[gtoria.net/friends/show/Void.html]
[gtoria.net/user/profile/parallelogram.html]
[gtoria.net/user/profile/credit.html]
[gtoria.net/user/profile/Dicreat.html]
[gtoria.net/user/profile/786718639ytewrt.html]
[gtoria.net/user/profile/Nik.html]
[gtoria.net/friends/show/brenden7158.html]
[gtoria.net/friends/show/Nik.html]
[gtoria.net/user/profile/Zlarb.html]
[gtoria.net/user/profile/CRTComputer.html]
[gtoria.net/user/profile/Terminal.html]
[gtoria.net/friends/show/Terminal.html]
[gtoria.net/groups/view/156.html]
[gtoria.net/user/profile/duck2469.html]
[gtoria.net/groups/view/140.html]
[gtoria.net/groups/view/160.html]
[gtoria.net/user/profile/Gre3n.html]
[gtoria.net/groups/view/154.html]
[gtoria.net/groups/view/138.html]
[gtoria.net/groups/view/161.html]
[gtoria.net/user/profile/tomika67.html]
[gtoria.net/user/profile/devjuice.html]
[gtoria.net/user/profile/SecksMachine.html]
[gtoria.net/user/profile/dan.html]
[gtoria.net/user/profile/lebowski.html]
[gtoria.net/user/profile/Batousai_X.html]
[gtoria.net/friends/show/lebowski.html]
[gtoria.net/groups/view/158.html]
[gtoria.net/user/profile/Remainings.html]
[gtoria.net/user/profile/333.html]
[gtoria.net/user/profile/marsh.html]
[gtoria.net/user/profile/Radi.html]
[gtoria.net/user/profile/Turbosecks.html]
[gtoria.net/friends/show/Iraq.html]
[gtoria.net/friends/show/Turbosecks.html]
[gtoria.net/groups/view/69.html]
[gtoria.net/groups/view/39.html]
[gtoria.net/user/profile/realtorguy.html]
[gtoria.net/user/profile/Salix.html]
[gtoria.net/groups/view/109.html]
[gtoria.net/user/profile/Evan.html]
[gtoria.net/user/profile/iPodNano2G.html]
[gtoria.net/user/profile/Ian.html]
[gtoria.net/user/profile/Vurse.html]
[gtoria.net/user/profile/Alex007.html]
[gtoria.net/user/profile/iixd_Taay.html]
[gtoria.net/user/profile/Private.html]
[gtoria.net/groups/view/137.html]
[gtoria.net/user/profile/KenazP4.html]
[gtoria.net/user/profile/moofer.html]
[gtoria.net/user/profile/Hye.html]
[gtoria.net/friends/show/Noob.html]
[gtoria.net/groups/view/34.html]
[gtoria.net/friends/show/Hye.html]
[gtoria.net/groups/view/31.html]
[gtoria.net/user/profile/fax.html]
[gtoria.net/user/profile/Dado.html]
[gtoria.net/friends/show/Dado.html]
[gtoria.net/user/profile/Fgamer2098.html]
[gtoria.net/user/profile/pee.html]
[gtoria.net/friends/show/pee.html]
[gtoria.net/user/profile/voltaire.html]
[gtoria.net/user/profile/Vintage.html]
[gtoria.net/user/profile/Femboy.html]
[gtoria.net/user/profile/weeb.html]
[gtoria.net/user/profile/TOTALLYNOTEPlCULY.html]
[gtoria.net/user/profile/Wannacry.html]
[gtoria.net/user/profile/hominggunkin.html]
[gtoria.net/friends/show/checkers.html]
[gtoria.net/friends/show/Wannacry.html]
[gtoria.net/user/profile/src.html]
[gtoria.net/user/profile/Dog.html]
[gtoria.net/user/profile/tabbybrick.html]
[gtoria.net/user/profile/Sega.html]
[gtoria.net/user/profile/see.html]
[gtoria.net/friends/show/see.html]
[gtoria.net/user/profile/omegaone.html]
[gtoria.net/user/profile/Pastebin.html]
[gtoria.net/user/profile/TopMeme.html]
[gtoria.net/friends/show/TopMeme.html]
[gtoria.net/groups/view/74.html]
[gtoria.net/groups/view/78.html]
[gtoria.net/groups/view/73.html]
[gtoria.net/groups/view/67.html]
[gtoria.net/user/profile/ShinkuCF.html]
[gtoria.net/user/profile/froggysfriend.html]
[gtoria.net/user/profile/Danny.html]
[gtoria.net/user/profile/Hyperkirbo3.html]
[gtoria.net/user/profile/Tad.html]
[gtoria.net/user/profile/BrickToy.html]
[gtoria.net/friends/show/BrickToy.html]
[gtoria.net/user/profile/EnergyCeII.html]
[gtoria.net/user/profile/Nostalgic.html]
[gtoria.net/user/profile/NostalgicMemoriess.html]
[gtoria.net/user/profile/table.html]
[gtoria.net/user/profile/Ellina.html]
[gtoria.net/friends/show/cat.html]
[gtoria.net/user/profile/Lmao.html]
[gtoria.net/friends/show/table.html]
[gtoria.net/user/profile/night.html]
[gtoria.net/user/profile/mrbobbilly.html]
[gtoria.net/user/profile/drybones.html]
[gtoria.net/user/profile/uiopnsnsjs.html]
[gtoria.net/user/profile/popbob.html]
[gtoria.net/groups/view/64.html]
[gtoria.net/user/profile/Yeet.html]
[gtoria.net/user/profile/Pan.html]
[gtoria.net/user/profile/game.html]
[gtoria.net/user/profile/ItsJustAPlayer.html]
[gtoria.net/user/profile/Thomasluigi07.html]
[gtoria.net/friends/show/Thomasluigi07.html]
[gtoria.net/user/profile/shaggy2514.html]
[gtoria.net/user/profile/Kategawa3.html]
[gtoria.net/user/profile/Neskeroni.html]
[gtoria.net/friends/show/Erik.html]
[gtoria.net/user/profile/Danijel.html]
[gtoria.net/groups/view/50.html]
[gtoria.net/groups/view/82.html]
[gtoria.net/groups/view/125.html]
[gtoria.net/groups/view/126.html]
[gtoria.net/user/profile/WolfieGamerTvFan.html]
[gtoria.net/user/profile/worker.html]
[gtoria.net/groups/view/165.html]
[gtoria.net/friends/show/worker.html]
[gtoria.net/user/profile/Andrewbruce957.html]
[gtoria.net/user/profile/Crazy_Harpy420.html]
[gtoria.net/user/profile/Nidoking.html]
[gtoria.net/user/profile/CatCupcake7854.html]
[gtoria.net/groups/view/169.html]
[gtoria.net/user/profile/Aniss.html]
[gtoria.net/friends/show/Nidoking.html]
[gtoria.net/groups/view/148.html]
[gtoria.net/groups/view/162.html]
[gtoria.net/user/profile/PlayGraphictoria.html]
[gtoria.net/groups/view/21.html]
[gtoria.net/user/profile/HeIIo.html]
[gtoria.net/user/profile/magallanes.html]
[gtoria.net/user/profile/doop.html]
[gtoria.net/user/profile/Shedletsky.html]
[gtoria.net/friends/show/Shedletsky.html]
[gtoria.net/user/profile/6392.html]
[gtoria.net/user/profile/Melvin90.html]
[gtoria.net/friends/show/6392.html]
[gtoria.net/groups/view/32.html]
[gtoria.net/user/profile/heyguys.html]
[gtoria.net/user/profile/greatgamer99.html]
[gtoria.net/user/profile/D95.html]
[gtoria.net/user/profile/ABC.html]
[gtoria.net/friends/show/Hello.html]
[gtoria.net/user/profile/BoxxedBread.html]
[gtoria.net/user/profile/owo.html]
[gtoria.net/user/profile/Stick.html]
[gtoria.net/user/profile/GuestIsJustBest.html]
[gtoria.net/user/profile/Crossroads.html]
[gtoria.net/friends/show/Crossroads.html]
[gtoria.net/groups/view/127.html]
[gtoria.net/user/profile/blueman.html]
[gtoria.net/user/profile/Unknown.html]
[gtoria.net/friends/show/Garfield.html]
[gtoria.net/friends/show/Unknown.html]
[gtoria.net/user/profile/felongcoguio.html]
[gtoria.net/user/profile/waroldguy.html]
[gtoria.net/user/profile/septa.html]
[gtoria.net/user/profile/Builderman.html]
[gtoria.net/friends/show/Builderman.html]
[gtoria.net/user/profile/ImAFatNegro.html]
[gtoria.net/user/profile/Dude.html]
[gtoria.net/user/profile/Yep.html]
[gtoria.net/user/profile/IMASQEXOFFENDER.html]
[gtoria.net/friends/show/Yep.html]
[gtoria.net/user/profile/bwilltakeovergtoria.html]
[gtoria.net/user/profile/plok.html]
[gtoria.net/user/profile/teapotic.html]
[gtoria.net/user/profile/Copperume.html]
[gtoria.net/user/profile/ok1.html]
[gtoria.net/friends/show/E_1.html]
[gtoria.net/friends/show/Copperume.html]
[gtoria.net/groups/view/53.html]
[gtoria.net/user/profile/Frenemy.html]
[gtoria.net/user/profile/Infomaniac.html]
[gtoria.net/user/profile/brickbuilder.html]
[gtoria.net/friends/show/Saturation.html]
[gtoria.net/groups/view/38.html]
[gtoria.net/groups/view/83.html]
[gtoria.net/friends/show/Infomaniac.html]
[gtoria.net/groups/view/131.html]
[gtoria.net/user/profile/communist.html]
[gtoria.net/user/profile/ItsRainingPotatoes.html]
[gtoria.net/friends/show/ItsRainingPotatoes.html]
[gtoria.net/groups/view/68.html]
[gtoria.net/user/profile/chapter777777.html]
[gtoria.net/user/profile/Eagle.html]
[gtoria.net/user/profile/Gott.html]
[gtoria.net/friends/show/Gott.html]
[gtoria.net/user/profile/Orthodox.html]
[gtoria.net/user/profile/YoPester.html]
[gtoria.net/user/profile/santiagodelmeme233.html]
[gtoria.net/user/profile/Tailscrash.html]
[gtoria.net/friends/show/santiagodelmeme233.html]
[gtoria.net/user/profile/xRazorF.html]
[gtoria.net/friends/show/AlonsoStuff.html]
[gtoria.net/groups/view/149.html]
[gtoria.net/groups/view/95.html]
[gtoria.net/user/profile/JoshUNBI.html]
[gtoria.net/user/profile/HeckLordMagic.html]
[gtoria.net/user/profile/Quorbit.html]
[gtoria.net/user/profile/Munna.html]
[gtoria.net/user/profile/Harkinian.html]
[gtoria.net/user/profile/Floppa.html]
[gtoria.net/user/profile/billbert.html]
[gtoria.net/user/profile/PlayerBeta.html]
[gtoria.net/user/profile/DSN.html]
[gtoria.net/user/profile/NetBooks.html]
[gtoria.net/friends/show/NetBooks.html]
[gtoria.net/user/profile/I_I.html]
[gtoria.net/user/profile/Sky.html]
[gtoria.net/friends/show/plsmakemerich12.html]
[gtoria.net/groups/view/167.html]
[gtoria.net/friends/show/Sky.html]
[gtoria.net/user/profile/son.html]
[gtoria.net/user/profile/202628.html]
[gtoria.net/user/profile/LOL.html]
[gtoria.net/friends/show/l_I.html]
[gtoria.net/friends/show/LOL.html]
[gtoria.net/groups/view/151.html]
[gtoria.net/user/profile/GroovyDominoes52.html]
[gtoria.net/user/profile/ModNobBob69xd.html]
[gtoria.net/user/profile/itz_mario.html]
[gtoria.net/user/profile/Pixtle.html]
[gtoria.net/user/profile/Misterblox.html]
[gtoria.net/friends/show/Pixtle.html]
[gtoria.net/user/profile/Gman.html]
[gtoria.net/user/profile/Shambler.html]
[gtoria.net/user/profile/Killah.html]
[gtoria.net/friends/show/Skampus.html]
[gtoria.net/groups/view/60.html]
[gtoria.net/friends/show/Shambler.html]
[gtoria.net/user/profile/pinzit.html]
[gtoria.net/user/profile/GodOfPwnage.html]
[gtoria.net/friends/show/Yap.html]
[gtoria.net/user/profile/iceman.html]
[gtoria.net/groups/view/84.html]
[gtoria.net/user/profile/BobnoBot.html]
[gtoria.net/user/profile/Wolf.html]
[gtoria.net/user/profile/Ranger.html]
[gtoria.net/friends/show/Creamy.html]
[gtoria.net/groups/view/42.html]
[gtoria.net/friends/show/Ranger.html]
[gtoria.net/user/profile/Seeds.html]
[gtoria.net/user/profile/Boy.html]
[gtoria.net/user/profile/XXXTENTACION.html]
[gtoria.net/user/profile/spongebob.html]
[gtoria.net/friends/show/Boy.html]
[gtoria.net/user/profile/dood.html]
[gtoria.net/groups/view/116.html]
[gtoria.net/user/profile/Ham.html]
[gtoria.net/user/profile/gtxt.html]
[gtoria.net/user/profile/Slide.html]
[gtoria.net/user/profile/GraphFan.html]
[gtoria.net/friends/show/GSealock.html]
[gtoria.net/user/profile/Andy.html]
[gtoria.net/user/profile/podwnk95.html]
[gtoria.net/user/profile/Negro.html]
[gtoria.net/friends/show/pap.html]
[gtoria.net/user/profile/yimy.html]
[gtoria.net/user/profile/kushstealer.html]
[gtoria.net/user/profile/moonwolf.html]
[gtoria.net/friends/show/Negro.html]
[gtoria.net/user/profile/ClockWorking.html]
[gtoria.net/user/profile/straussj15.html]
[gtoria.net/user/profile/EvilRyu252525.html]
[gtoria.net/groups/view/52.html]
[gtoria.net/user/profile/Dovahkiin.html]
[gtoria.net/friends/show/specowos.html]
[gtoria.net/user/profile/Emp.html]
[gtoria.net/user/profile/LukeCoal.html]
[gtoria.net/user/profile/jerd.html]
[gtoria.net/user/profile/Luke.html]
[gtoria.net/user/profile/ZoeyMyu.html]
[gtoria.net/user/profile/duis.html]
[gtoria.net/friends/show/Rectangle_Man.html]
[gtoria.net/user/profile/4zy1.html]
[gtoria.net/user/profile/wally.html]
[gtoria.net/user/profile/lolo999.html]
[gtoria.net/friends/show/lolo999.html]
[gtoria.net/groups/view/133.html]
[gtoria.net/groups/view/130.html]
[gtoria.net/user/profile/mexico294.html]
[gtoria.net/user/profile/ImSooNoob.html]
[gtoria.net/friends/show/ImSooNoob.html]
[gtoria.net/user/profile/JOVISKI_BR.html]
[gtoria.net/user/profile/natan.html]
[gtoria.net/friends/show/cow.html]
[gtoria.net/user/profile/kKat.html]
[gtoria.net/user/profile/globalmiles.html]
[gtoria.net/user/profile/miata.html]
[gtoria.net/friends/show/Shull19.html]
[gtoria.net/groups/view/142.html]
[gtoria.net/groups/view/91.html]
[gtoria.net/user/profile/James.html]
[gtoria.net/user/profile/Farmer.html]
[gtoria.net/user/profile/testicles.html]
[gtoria.net/user/profile/dew.html]
[gtoria.net/user/profile/BoxNox.html]
[gtoria.net/friends/show/dew.html]
[gtoria.net/user/profile/MemeTime.html]
[gtoria.net/user/profile/Brick.html]
[gtoria.net/user/profile/superJP335.html]
[gtoria.net/user/profile/noobix.html]
[gtoria.net/friends/show/NoxBox.html]
[gtoria.net/friends/show/superJP335.html]
[gtoria.net/groups/view/54.html]
[gtoria.net/user/profile/ark63.html]
[gtoria.net/user/profile/Cypone.html]
[gtoria.net/user/profile/Service.html]
[gtoria.net/friends/show/Service.html]
[gtoria.net/groups/view/49.html]
[gtoria.net/user/profile/ToothyDeer.html]
[gtoria.net/user/profile/Aesthetiful.html]
[gtoria.net/user/profile/Adam.html]
[gtoria.net/friends/show/Adam.html]
[gtoria.net/user/profile/super.html]
[gtoria.net/user/profile/tean.html]
[gtoria.net/user/profile/Windows.html]
[gtoria.net/friends/show/Windows.html]
[gtoria.net/user/profile/warp.html]
[gtoria.net/user/profile/Epicgamer.html]
[gtoria.net/friends/show/JBro.html]
[gtoria.net/user/profile/donovan94875.html]
[gtoria.net/user/profile/daniil30012003.html]
[gtoria.net/user/profile/branferns.html]
[gtoria.net/user/profile/Kylar.html]
[gtoria.net/user/profile/M1LKMAN.html]
[gtoria.net/friends/show/redman.html]
[gtoria.net/friends/show/toy.html]
[gtoria.net/groups/view/108.html]
[gtoria.net/groups/view/124.html]
[gtoria.net/groups/view/166.html]
[gtoria.net/friends/show/Casenn05.html]
[gtoria.net/user/profile/kinery.html]
[gtoria.net/groups/view/86.html]
[gtoria.net/user/profile/LezIS.html]
[gtoria.net/user/profile/dark.html]
[gtoria.net/user/profile/redeyestevegaming.html]
[gtoria.net/user/profile/tea.html]
[gtoria.net/user/profile/JaneDoe.html]
[gtoria.net/user/profile/TheCommunity.html]
[gtoria.net/user/profile/JohnDoe.html]
[gtoria.net/user/profile/lucastuski.html]
[gtoria.net/user/profile/eletrico.html]
[gtoria.net/user/profile/Anonymous.html]
[gtoria.net/groups/view/104.html]
[gtoria.net/user/profile/FelipePlayzYT.html]
[gtoria.net/user/profile/lucasfriend.html]
[gtoria.net/user/profile/NostalgicAgain.html]
[gtoria.net/friends/show/0_0.html]
[gtoria.net/user/profile/lucas.html]
[gtoria.net/user/profile/246.html]
[gtoria.net/user/profile/George.html]
[gtoria.net/groups/view/76.html]
[gtoria.net/user/profile/Yusdiel.html]
[gtoria.net/friends/show/Robert.html]
[gtoria.net/groups/view/89.html]
[gtoria.net/friends/show/Yusdiel.html]
[gtoria.net/user/profile/nuts.html]
[gtoria.net/user/profile/deez.html]
[gtoria.net/user/profile/Mrcool.html]
[gtoria.net/user/profile/redjets2.html]
[gtoria.net/friends/show/Vress.html]
[gtoria.net/user/profile/brick_luke.html]
[gtoria.net/groups/view/134.html]
[gtoria.net/user/profile/ShinArticuno.html]
[gtoria.net/user/profile/Bobbis.html]
[gtoria.net/user/profile/kue.html]
[gtoria.net/user/profile/XyDark.html]
[gtoria.net/user/profile/krampus.html]
[gtoria.net/user/profile/SloshyMite333.html]
[gtoria.net/user/profile/roblosisbest.html]
[gtoria.net/user/profile/Aim.html]
[gtoria.net/friends/show/memes.html]
[gtoria.net/user/profile/T_Sean.html]
[gtoria.net/friends/show/Aim.html]
[gtoria.net/user/profile/NCFJ1274.html]
[gtoria.net/user/profile/wescarmant.html]
[gtoria.net/friends/show/doodama.html]
[gtoria.net/friends/show/wescarmant.html]
[gtoria.net/user/profile/Yuliux.html]
[gtoria.net/user/profile/Jem.html]
[gtoria.net/user/profile/CottonPickingJohn.html]
[gtoria.net/friends/show/mrraw.html]
[gtoria.net/user/profile/Pluto.html]
[gtoria.net/user/profile/Surf.html]
[gtoria.net/user/profile/floxy.html]
[gtoria.net/user/profile/Pleasenicos.html]
[gtoria.net/user/profile/king.html]
[gtoria.net/user/profile/g0rdonfreeman.html]
[gtoria.net/friends/show/CottonPickingJohn.html]
[gtoria.net/user/profile/ADefaultGuy.html]
[gtoria.net/user/profile/Alkan.html]
[gtoria.net/user/profile/NeoGeo.html]
[gtoria.net/user/profile/ohoshk.html]
[gtoria.net/user/profile/imnotplay.html]
[gtoria.net/user/profile/Nachos80.html]
[gtoria.net/friends/show/wehateyouvvita.html]
[gtoria.net/groups/view/75.html]
[gtoria.net/user/profile/X_X.html]
[gtoria.net/friends/show/ZeroBloxxed.html]
[gtoria.net/friends/show/Nachos80.html]
[gtoria.net/user/profile/Guest.html]
[gtoria.net/user/profile/Gecst.html]
[gtoria.net/user/profile/KJF.html]
[gtoria.net/friends/show/Gecst.html]
[gtoria.net/user/profile/janx.html]
[gtoria.net/friends/show/theodore.html]
[gtoria.net/user/profile/sniping50.html]
[gtoria.net/user/profile/Catchthis.html]
[gtoria.net/user/profile/Diactoros.html]
[gtoria.net/friends/show/nailozaz.html]
[gtoria.net/groups/view/25.html]
[gtoria.net/user/profile/Kyfor.html]
[gtoria.net/user/profile/graphicman.html]
[gtoria.net/groups/view/65.html]
[gtoria.net/user/profile/PNG2.html]
[gtoria.net/user/profile/teh.html]
[gtoria.net/user/profile/lollolman.html]
[gtoria.net/friends/show/lollolman.html]
[gtoria.net/user/profile/Peter.html]
[gtoria.net/user/profile/Cataskeri.html]
[gtoria.net/user/profile/peace.html]
[gtoria.net/friends/show/peace.html]
[gtoria.net/user/profile/KJF_Goodblox.html]
[gtoria.net/user/profile/igorwqq.html]
[gtoria.net/user/profile/Jael.html]
[gtoria.net/user/profile/bobux_thiefissorry.html]
[gtoria.net/friends/show/EilayBan.html]
[gtoria.net/user/profile/Nos.html]
[gtoria.net/friends/show/bobux_thiefissorry.html]
[gtoria.net/user/profile/cyanide.html]
[gtoria.net/user/profile/Lucijan.html]
[gtoria.net/user/profile/adam-2.html]
[gtoria.net/friends/show/Lucijan.html]
[gtoria.net/user/profile/NotJohn.html]
[gtoria.net/user/profile/kanye.html]
[gtoria.net/friends/show/Regera91.html]
[gtoria.net/user/profile/Watch.html]
[gtoria.net/friends/show/MisterCaptainObvious.html]
[gtoria.net/user/profile/windowswhistler.html]
[gtoria.net/friends/show/NotJohn.html]
[gtoria.net/user/profile/SonnyBestOne.html]
[gtoria.net/user/profile/sain.html]
[gtoria.net/user/profile/cup.html]
[gtoria.net/user/profile/Test2.html]
[gtoria.net/user/profile/king12344444.html]
[gtoria.net/user/profile/Builderman008.html]
[gtoria.net/user/profile/willy.html]
[gtoria.net/user/profile/SWORD_MASTER.html]
[gtoria.net/user/profile/Spoon.html]
[gtoria.net/friends/show/Spacemonkey.html]
[gtoria.net/groups/view/146.html]
[gtoria.net/friends/show/Builderman008.html]
[gtoria.net/user/profile/angrybirdice.html]
[gtoria.net/user/profile/Horse.html]
[gtoria.net/user/profile/Charliee.html]
[gtoria.net/user/profile/Patrinus.html]
[gtoria.net/friends/show/iamgladitsback.html]
[gtoria.net/user/profile/posey.html]
[gtoria.net/groups/view/58.html]
[gtoria.net/user/profile/aba08ahmad.html]
[gtoria.net/user/profile/cuke.html]
[gtoria.net/friends/show/cuke.html]
[gtoria.net/groups/view/129.html]
[gtoria.net/user/profile/BGR.html]
[gtoria.net/user/profile/iceyoshi.html]
[gtoria.net/user/profile/OtiMalia12.html]
[gtoria.net/user/profile/blocks404.html]
[gtoria.net/user/profile/Soga.html]
[gtoria.net/user/profile/mikozol.html]
[gtoria.net/friends/show/Liamish11.html]
[gtoria.net/user/profile/invent.html]
[gtoria.net/friends/show/Soga.html]
[gtoria.net/user/profile/Stinger.html]
[gtoria.net/user/profile/ILOVEOLDTECH.html]
[gtoria.net/user/profile/SnowFort.html]
[gtoria.net/friends/show/banned.html]
[gtoria.net/groups/view/120.html]
[gtoria.net/groups/view/119.html]
[gtoria.net/groups/view/117.html]
[gtoria.net/groups/view/115.html]
[gtoria.net/groups/view/114.html]
[gtoria.net/friends/show/SnowFort.html]
[gtoria.net/groups/view/112.html]
[gtoria.net/user/profile/GodlyDark.html]
[gtoria.net/user/profile/bube2006.html]
[gtoria.net/user/profile/totallynotantbathtu.html]
[gtoria.net/friends/show/ball.html]
[gtoria.net/user/profile/testguybr.html]
[gtoria.net/user/profile/golpashaua.html]
[gtoria.net/user/profile/Bloxx3r.html]
[gtoria.net/user/profile/V1NC3NT.html]
[gtoria.net/friends/show/Bloxx3r.html]
[gtoria.net/user/profile/aagd.html]
[gtoria.net/user/profile/GearFighter.html]
[gtoria.net/user/profile/Blox1.html]
[gtoria.net/user/profile/Perro.html]
[gtoria.net/user/profile/Ven.html]
[gtoria.net/user/profile/teke.html]
[gtoria.net/user/profile/InvokedFX.html]
[gtoria.net/user/profile/cazum9.html]
[gtoria.net/user/profile/cazum7.html]
[gtoria.net/user/profile/skynet20.html]
[gtoria.net/user/profile/takoholic.html]
[gtoria.net/user/profile/Mb65.html]
[gtoria.net/friends/show/8F9.html]
[gtoria.net/groups/view/30.html]
[gtoria.net/user/profile/sleep.html]
[gtoria.net/friends/show/Mb65.html]
[gtoria.net/groups/view/48.html]
[gtoria.net/user/profile/lush.html]
[gtoria.net/friends/show/Void.html]
[gtoria.net/friends/show/lush.html]
[gtoria.net/user/profile/parallelogram.html]
[gtoria.net/friends/show/parallelogram.html]
[gtoria.net/groups/view/40.html]
[gtoria.net/user/profile/Pad.html]
[gtoria.net/user/profile/SuperNitro.html]
[gtoria.net/user/profile/cheesey.html]
[gtoria.net/user/profile/credit.html]
[gtoria.net/user/profile/Dicreat.html]
[gtoria.net/friends/show/credit.html]
[gtoria.net/groups/view/24.html]
[gtoria.net/user/profile/786718639ytewrt.html]
[gtoria.net/friends/show/Nik.html]
[gtoria.net/friends/show/786718639ytewrt.html]
[gtoria.net/user/profile/Holy.html]
[gtoria.net/user/profile/Zlarb.html]
[gtoria.net/friends/show/Zlarb.html]
[gtoria.net/user/profile/Bonnie_the_bunny.html]
[gtoria.net/user/profile/Hypnospace.html]
[gtoria.net/user/profile/Discord.html]
[gtoria.net/user/profile/CRTComputer.html]
[gtoria.net/friends/show/Terminal.html]
[gtoria.net/user/profile/duck2469.html]
[gtoria.net/friends/show/CRTComputer.html]
[gtoria.net/user/profile/Gre3n.html]
[gtoria.net/user/profile/devjuice.html]
[gtoria.net/user/profile/SecksMachine.html]
[gtoria.net/user/profile/golden.html]
[gtoria.net/user/profile/dan.html]
[gtoria.net/friends/show/lebowski.html]
[gtoria.net/groups/view/158.html]
[gtoria.net/user/profile/marsh.html]
[gtoria.net/user/profile/Radi.html]
[gtoria.net/friends/show/Turbosecks.html]
[gtoria.net/user/profile/Quic3D.html]
[gtoria.net/groups/view/171.html]
[gtoria.net/user/profile/HarveyDoesThings.html]
[gtoria.net/user/profile/Salix.html]
[gtoria.net/groups/view/109.html]
[gtoria.net/user/profile/Ian.html]
[gtoria.net/user/profile/Vurse.html]
[gtoria.net/user/profile/iixd_Taay.html]
[gtoria.net/groups/view/137.html]
[gtoria.net/user/profile/KenazP4.html]
[gtoria.net/user/profile/moofer.html]
[gtoria.net/friends/show/Hye.html]
[gtoria.net/friends/show/Salix.html]
[gtoria.net/user/profile/supaPro007.html]
[gtoria.net/user/profile/fax.html]
[gtoria.net/friends/show/Dado.html]
[gtoria.net/friends/show/fax.html]
[gtoria.net/user/profile/Fave.html]
[gtoria.net/user/profile/Fgamer2098.html]
[gtoria.net/friends/show/pee.html]
[gtoria.net/user/profile/voltaire.html]
[gtoria.net/user/profile/Vintage.html]
[gtoria.net/user/profile/timor898.html]
[gtoria.net/user/profile/Femboy.html]
[gtoria.net/user/profile/weeb.html]
[gtoria.net/user/profile/TOTALLYNOTEPlCULY.html]
[gtoria.net/friends/show/Wannacry.html]
[gtoria.net/groups/view/41.html]
[gtoria.net/user/profile/src.html]
[gtoria.net/user/profile/Dog.html]
[gtoria.net/user/profile/tabbybrick.html]
[gtoria.net/user/profile/Keypluss.html]
[gtoria.net/user/profile/BerdNerd.html]
[gtoria.net/user/profile/Sega.html]
[gtoria.net/friends/show/see.html]
[gtoria.net/user/profile/omegaone.html]
[gtoria.net/friends/show/Sega.html]
[gtoria.net/user/profile/Ryan.html]
[gtoria.net/user/profile/Pastebin.html]
[gtoria.net/friends/show/TopMeme.html]
[gtoria.net/groups/view/74.html]
[gtoria.net/groups/view/78.html]
[gtoria.net/user/profile/Astronaut.html]
[gtoria.net/groups/view/73.html]
[gtoria.net/groups/view/67.html]
[gtoria.net/user/profile/Ryelow.html]
[gtoria.net/user/profile/ShinkuCF.html]
[gtoria.net/user/profile/froggysfriend.html]
[gtoria.net/user/profile/turb.html]
[gtoria.net/user/profile/Danny.html]
[gtoria.net/user/profile/dorian.html]
[gtoria.net/user/profile/Boom.html]
[gtoria.net/user/profile/wolfpackhollow.html]
[gtoria.net/user/profile/Hyperkirbo3.html]
[gtoria.net/friends/show/Hyperkirbo3.html]
[gtoria.net/user/profile/Tad.html]
[gtoria.net/friends/show/BrickToy.html]
[gtoria.net/user/profile/EnergyCeII.html]
[gtoria.net/user/profile/Nostalgic.html]
[gtoria.net/user/profile/NostalgicMemoriess.html]
[gtoria.net/friends/show/table.html]
[gtoria.net/user/profile/mrbobbilly.html]
[gtoria.net/user/profile/uiopnsnsjs.html]
[gtoria.net/groups/view/64.html]
[gtoria.net/friends/show/Tad.html]
[gtoria.net/user/profile/Professional_Noob.html]
[gtoria.net/user/profile/century.html]
[gtoria.net/user/profile/Yeet.html]
[gtoria.net/friends/show/Yeet.html]
[gtoria.net/user/profile/Pan.html]
[gtoria.net/user/profile/Thomas.html]
[gtoria.net/user/profile/redjets.html]
[gtoria.net/user/profile/game.html]
[gtoria.net/friends/show/game.html]
[gtoria.net/user/profile/ItsJustAPlayer.html]
[gtoria.net/friends/show/Thomasluigi07.html]
[gtoria.net/friends/show/ItsJustAPlayer.html]
[gtoria.net/user/profile/Danijel.html]
[gtoria.net/groups/view/50.html]
[gtoria.net/groups/view/82.html]
[gtoria.net/groups/view/125.html]
[gtoria.net/groups/view/126.html]
[gtoria.net/user/profile/WolfieGamerTvFan.html]
[gtoria.net/friends/show/worker.html]
[gtoria.net/user/profile/Miguel.html]
[gtoria.net/groups/view/121.html]
[gtoria.net/user/profile/Andrewbruce957.html]
[gtoria.net/groups/view/87.html]
[gtoria.net/user/profile/Wawa.html]
[gtoria.net/user/profile/3ds.html]
[gtoria.net/user/profile/Gru.html]
[gtoria.net/user/profile/Olesha_fan313.html]
[gtoria.net/user/profile/Crazy_Harpy420.html]
[gtoria.net/friends/show/Nidoking.html]
[gtoria.net/friends/show/Crazy_Harpy420.html]
[gtoria.net/user/profile/magallanes.html]
[gtoria.net/user/profile/doop.html]
[gtoria.net/friends/show/Shedletsky.html]
[gtoria.net/friends/show/6392.html]
[gtoria.net/groups/view/32.html]
[gtoria.net/user/profile/heyguys.html]
[gtoria.net/user/profile/D95.html]
[gtoria.net/user/profile/owo.html]
[gtoria.net/user/profile/GuestIsJustBest.html]
[gtoria.net/friends/show/Crossroads.html]
[gtoria.net/groups/view/127.html]
[gtoria.net/groups/view/155.html]
[gtoria.net/user/profile/femster.html]
[gtoria.net/user/profile/blueman.html]
[gtoria.net/friends/show/Unknown.html]
[gtoria.net/user/profile/felongcoguio.html]
[gtoria.net/user/profile/waroldguy.html]
[gtoria.net/user/profile/yellowman.html]
[gtoria.net/user/profile/Damir.html]
[gtoria.net/user/profile/unusual.html]
[gtoria.net/user/profile/septa.html]
[gtoria.net/friends/show/Builderman.html]
[gtoria.net/user/profile/ImAFatNegro.html]
[gtoria.net/friends/show/septa.html]
[gtoria.net/user/profile/broke.html]
[gtoria.net/user/profile/ReeseMcBlox.html]
[gtoria.net/user/profile/Matt.html]
[gtoria.net/user/profile/Dude.html]
[gtoria.net/friends/show/Yep.html]
[gtoria.net/friends/show/Dude.html]
[gtoria.net/user/profile/bwilltakeovergtoria.html]
[gtoria.net/user/profile/plok.html]
[gtoria.net/user/profile/Scott.html]
[gtoria.net/user/profile/somethingintehoops.html]
[gtoria.net/user/profile/teapotic.html]
[gtoria.net/friends/show/Copperume.html]
[gtoria.net/groups/view/53.html]
[gtoria.net/friends/show/teapotic.html]
[gtoria.net/user/profile/ObliviousHD.html]
[gtoria.net/user/profile/Frenemy.html]
[gtoria.net/friends/show/Infomaniac.html]
[gtoria.net/user/profile/communist.html]
[gtoria.net/friends/show/ItsRainingPotatoes.html]
[gtoria.net/user/profile/lisagaming_YT.html]
[gtoria.net/groups/view/68.html]
[gtoria.net/user/profile/Elton_John.html]
[gtoria.net/groups/view/144.html]
[gtoria.net/user/profile/Box.html]
[gtoria.net/user/profile/aocht.html]
[gtoria.net/user/profile/chapter777777.html]
[gtoria.net/user/profile/Eagle.html]
[gtoria.net/friends/show/Gott.html]
[gtoria.net/friends/show/chapter777777.html]
[gtoria.net/user/profile/Law333.html]
[gtoria.net/user/profile/Orthodox.html]
[gtoria.net/user/profile/YoPester.html]
[gtoria.net/friends/show/santiagodelmeme233.html]
[gtoria.net/user/profile/elcapoto.html]
[gtoria.net/groups/view/149.html]
[gtoria.net/groups/view/95.html]
[gtoria.net/user/profile/battle.html]
[gtoria.net/user/profile/HeckLordMagic.html]
[gtoria.net/friends/show/HeckLordMagic.html]
[gtoria.net/user/profile/Quorbit.html]
[gtoria.net/user/profile/rewr.html]
[gtoria.net/user/profile/joiny.html]
[gtoria.net/user/profile/Loaf.html]
[gtoria.net/user/profile/Munna.html]
[gtoria.net/user/profile/billbert.html]
[gtoria.net/user/profile/Parent.html]
[gtoria.net/user/profile/PlayerBeta.html]
[gtoria.net/user/profile/DSN.html]
[gtoria.net/friends/show/NetBooks.html]
[gtoria.net/user/profile/matt-2.html]
[gtoria.net/user/profile/I_I.html]
[gtoria.net/friends/show/Sky.html]
[gtoria.net/user/profile/DoggoFan64.html]
[gtoria.net/user/profile/son.html]
[gtoria.net/user/profile/202628.html]
[gtoria.net/friends/show/LOL.html]
[gtoria.net/user/profile/i.hate.html]
[gtoria.net/groups/view/151.html]
[gtoria.net/user/profile/GroovyDominoes52.html]
[gtoria.net/user/profile/ModNobBob69xd.html]
[gtoria.net/user/profile/itz_mario.html]
[gtoria.net/friends/show/Pixtle.html]
[gtoria.net/user/profile/bus.html]
[gtoria.net/user/profile/Gman.html]
[gtoria.net/friends/show/Shambler.html]
[gtoria.net/user/profile/BobnoBot.html]
[gtoria.net/user/profile/Wolf.html]
[gtoria.net/friends/show/Ranger.html]
[gtoria.net/user/profile/Nuke.html]
[gtoria.net/user/profile/Seeds.html]
[gtoria.net/friends/show/Boy.html]
[gtoria.net/user/profile/gtxt.html]
[gtoria.net/user/profile/Cherry.html]
[gtoria.net/user/profile/Andy.html]
[gtoria.net/user/profile/podwnk95.html]
[gtoria.net/friends/show/Negro.html]
[gtoria.net/friends/show/Andy.html]
[gtoria.net/user/profile/ClockWorking.html]
[gtoria.net/user/profile/EvilRyu252525.html]
[gtoria.net/groups/view/52.html]
[gtoria.net/user/profile/Emp.html]
[gtoria.net/user/profile/Luke.html]
[gtoria.net/user/profile/wally.html]
[gtoria.net/friends/show/lolo999.html]
[gtoria.net/user/profile/Ferder56798.html]
[gtoria.net/groups/view/133.html]
[gtoria.net/user/profile/yeah.html]
[gtoria.net/groups/view/130.html]
[gtoria.net/user/profile/JOVISKI_BR.html]
[gtoria.net/user/profile/Skatix.html]
[gtoria.net/user/profile/mexico294.html]
[gtoria.net/friends/show/ImSooNoob.html]
[gtoria.net/user/profile/FasterHamster.html]
[gtoria.net/user/profile/kKat.html]
[gtoria.net/user/profile/globalmiles.html]
[gtoria.net/user/profile/Farmer.html]
[gtoria.net/user/profile/testicles.html]
[gtoria.net/friends/show/dew.html]
[gtoria.net/user/profile/MemeTime.html]
[gtoria.net/user/profile/Brick.html]
[gtoria.net/friends/show/superJP335.html]
[gtoria.net/user/profile/Avoid.html]
[gtoria.net/groups/view/54.html]
[gtoria.net/user/profile/Service-2.html]
[gtoria.net/user/profile/ark63.html]
[gtoria.net/user/profile/Cypone.html]
[gtoria.net/friends/show/Service.html]
[gtoria.net/groups/view/49.html]
[gtoria.net/user/profile/ToothyDeer.html]
[gtoria.net/user/profile/saul.html]
[gtoria.net/user/profile/Aesthetiful.html]
[gtoria.net/friends/show/Adam.html]
[gtoria.net/user/profile/super.html]
[gtoria.net/user/profile/tean.html]
[gtoria.net/friends/show/Windows.html]
[gtoria.net/user/profile/donovan94875.html]
[gtoria.net/user/profile/Phromes.html]
[gtoria.net/user/profile/kinery.html]
[gtoria.net/user/profile/tie.html]
[gtoria.net/groups/view/86.html]
[gtoria.net/user/profile/tea.html]
[gtoria.net/user/profile/JaneDoe.html]
[gtoria.net/user/profile/JohnDoe.html]
[gtoria.net/user/profile/lucastuski.html]
[gtoria.net/user/profile/Russia.html]
[gtoria.net/user/profile/FelipePlayzYT.html]
[gtoria.net/user/profile/lucas.html]
[gtoria.net/groups/view/76.html]
[gtoria.net/friends/show/Yusdiel.html]
[gtoria.net/user/profile/brick_luke.html]
[gtoria.net/user/profile/Bobbis.html]
[gtoria.net/user/profile/kue.html]
[gtoria.net/groups/view/63.html]
[gtoria.net/user/profile/XyDark.html]
[gtoria.net/user/profile/krampus.html]
[gtoria.net/user/profile/SloshyMite333.html]
[gtoria.net/user/profile/roblosisbest.html]
[gtoria.net/friends/show/Aim.html]
[gtoria.net/user/profile/NCFJ1274.html]
[gtoria.net/friends/show/wescarmant.html]
[gtoria.net/user/profile/BrokenXZ.html]
[gtoria.net/user/profile/Yuliux.html]
[gtoria.net/user/profile/Jem.html]
[gtoria.net/friends/show/CottonPickingJohn.html]
[gtoria.net/user/profile/bignuts.html]
[gtoria.net/groups/view/101.html]
[gtoria.net/user/profile/X2A3Q.html]
[gtoria.net/user/profile/old.html]
[gtoria.net/user/profile/ADefaultGuy.html]
[gtoria.net/user/profile/NeoGeo.html]
[gtoria.net/friends/show/ADefaultGuy.html]
[gtoria.net/groups/view/55.html]
[gtoria.net/user/profile/nugget.html]
[gtoria.net/user/profile/karlmines13579.html]
[gtoria.net/user/profile/Brent.html]
[gtoria.net/user/profile/ohoshk.html]
[gtoria.net/user/profile/imnotplay.html]
[gtoria.net/friends/show/Nachos80.html]
[gtoria.net/user/profile/Guest.html]
[gtoria.net/friends/show/Gecst.html]
[gtoria.net/user/profile/sniping50.html]
[gtoria.net/user/profile/graphicman.html]
[gtoria.net/groups/view/65.html]
[gtoria.net/user/profile/PNG2.html]
[gtoria.net/user/profile/teh.html]
[gtoria.net/friends/show/lollolman.html]
[gtoria.net/user/profile/Peter.html]
[gtoria.net/friends/show/ohoshk.html]
[gtoria.net/user/profile/Cataskeri.html]
[gtoria.net/friends/show/peace.html]
[gtoria.net/user/profile/KJF_Goodblox.html]
[gtoria.net/user/profile/igorwqq.html]
[gtoria.net/user/profile/Jael.html]
[gtoria.net/friends/show/bobux_thiefissorry.html]
[gtoria.net/friends/show/Cataskeri.html]
[gtoria.net/user/profile/cyanide.html]
[gtoria.net/friends/show/Lucijan.html]
[gtoria.net/friends/show/NotJohn.html]
[gtoria.net/friends/show/cyanide.html]
[gtoria.net/user/profile/SonnyBestOne.html]
[gtoria.net/user/profile/cup.html]
[gtoria.net/user/profile/Test2.html]
[gtoria.net/user/profile/king12344444.html]
[gtoria.net/friends/show/Builderman008.html]
[gtoria.net/user/profile/Charliee.html]
[gtoria.net/user/profile/cupi54.html]
[gtoria.net/groups/view/58.html]
[gtoria.net/user/profile/aba08ahmad.html]
[gtoria.net/friends/show/cuke.html]
[gtoria.net/user/profile/mgsgamertv9.html]
[gtoria.net/user/profile/BGR.html]
[gtoria.net/user/profile/iceyoshi.html]
[gtoria.net/user/profile/OtiMalia12.html]
[gtoria.net/user/profile/blocks404.html]
[gtoria.net/friends/show/Soga.html]
[gtoria.net/user/profile/Stinger.html]
[gtoria.net/user/profile/TF2.html]
[gtoria.net/user/profile/ILOVEOLDTECH.html]
[gtoria.net/friends/show/SnowFort.html]
[gtoria.net/user/profile/GodlyDark.html]
[gtoria.net/user/profile/Marco.html]
[gtoria.net/groups/view/172.html]
[gtoria.net/user/profile/bube2006.html]
[gtoria.net/groups/view/173.html]
[gtoria.net/user/profile/Cubash.html]
[gtoria.net/user/profile/testguybr.html]
[gtoria.net/user/profile/golpashaua.html]
[gtoria.net/friends/show/Bloxx3r.html]
[gtoria.net/user/profile/aagd.html]
[gtoria.net/user/profile/InvokedFX.html]
[gtoria.net/user/profile/cazum7.html]
[gtoria.net/user/profile/skynet20.html]
[gtoria.net/user/profile/takoholic.html]
[gtoria.net/friends/show/Mb65.html]
[gtoria.net/groups/view/48.html]
[gtoria.net/friends/show/lush.html]
[gtoria.net/friends/show/parallelogram.html]
[gtoria.net/user/profile/jvsl.html]
[gtoria.net/groups/view/40.html]
[gtoria.net/user/profile/Pad.html]
[gtoria.net/user/profile/SuperNitro.html]
[gtoria.net/user/profile/bob.html]
[gtoria.net/user/profile/igames.html]
[gtoria.net/user/profile/cheesey.html]
[gtoria.net/friends/show/credit.html]
[gtoria.net/user/profile/ObjectRBLX.html]
[gtoria.net/groups/view/24.html]
[gtoria.net/friends/show/786718639ytewrt.html]
[gtoria.net/user/profile/Holy.html]
[gtoria.net/friends/show/Zlarb.html]
[gtoria.net/user/profile/Trademark.html]
[gtoria.net/user/profile/richiemanmario.html]
[gtoria.net/user/profile/mini.html]
[gtoria.net/user/profile/Bonnie_the_bunny.html]
[gtoria.net/user/profile/Hypnospace.html]
[gtoria.net/user/profile/Discord.html]
[gtoria.net/friends/show/CRTComputer.html]
[gtoria.net/user/profile/Amongus.html]
[gtoria.net/user/profile/golden.html]
[gtoria.net/user/profile/Quic3D.html]
[gtoria.net/groups/view/171.html]
[gtoria.net/user/profile/HarveyDoesThings.html]
[gtoria.net/friends/show/Salix.html]
[gtoria.net/user/profile/supaPro007.html]
[gtoria.net/friends/show/fax.html]
[gtoria.net/user/profile/Fave.html]
[gtoria.net/user/profile/timor898.html]
[gtoria.net/groups/view/41.html]
[gtoria.net/user/profile/Supr.html]
[gtoria.net/user/profile/Keypluss.html]
[gtoria.net/user/profile/Sorry.html]
[gtoria.net/friends/show/Bonnie_the_bunny.html]
[gtoria.net/user/profile/BerdNerd.html]
[gtoria.net/friends/show/Sega.html]
[gtoria.net/user/profile/Ryan.html]
[gtoria.net/user/profile/Astronaut.html]
[gtoria.net/user/profile/Ryelow.html]
[gtoria.net/user/profile/turb.html]
[gtoria.net/user/profile/dorian.html]
[gtoria.net/user/profile/chest.html]
[gtoria.net/user/profile/Boom.html]
[gtoria.net/user/profile/wolfpackhollow.html]
[gtoria.net/friends/show/Hyperkirbo3.html]
[gtoria.net/friends/show/Tad.html]
[gtoria.net/user/profile/Professional_Noob.html]
[gtoria.net/user/profile/century.html]
[gtoria.net/friends/show/Yeet.html]
[gtoria.net/user/profile/Thomas.html]
[gtoria.net/user/profile/redjets.html]
[gtoria.net/friends/show/game.html]
[gtoria.net/friends/show/ItsJustAPlayer.html]
[gtoria.net/user/profile/Miguel.html]
[gtoria.net/groups/view/121.html]
[gtoria.net/user/profile/ScorpionStinger.html]
[gtoria.net/groups/view/87.html]
[gtoria.net/user/profile/Wawa.html]
[gtoria.net/user/profile/DaBaby.html]
[gtoria.net/user/profile/Help.html]
[gtoria.net/user/profile/Orgy.html]
[gtoria.net/user/profile/KKK.html]
[gtoria.net/user/profile/GameBoy.html]
[gtoria.net/user/profile/GameCube.html]
[gtoria.net/user/profile/3ds.html]
[gtoria.net/user/profile/Gru.html]
[gtoria.net/user/profile/Olesha_fan313.html]
[gtoria.net/friends/show/Crazy_Harpy420.html]
[gtoria.net/groups/view/155.html]
[gtoria.net/user/profile/femster.html]
[gtoria.net/friends/show/3ds.html]
[gtoria.net/user/profile/yellowman.html]
[gtoria.net/user/profile/Damir.html]
[gtoria.net/user/profile/unusual.html]
[gtoria.net/friends/show/septa.html]
[gtoria.net/user/profile/broke.html]
[gtoria.net/user/profile/ReeseMcBlox.html]
[gtoria.net/user/profile/Matt.html]
[gtoria.net/friends/show/Dude.html]
[gtoria.net/user/profile/Goldman.html]
[gtoria.net/user/profile/Relephonus.html]
[gtoria.net/user/profile/aesthetic.html]
[gtoria.net/user/profile/Dueliex.html]
[gtoria.net/user/profile/Scott.html]
[gtoria.net/user/profile/somethingintehoops.html]
[gtoria.net/friends/show/teapotic.html]
[gtoria.net/user/profile/ObliviousHD.html]
[gtoria.net/user/profile/lisagaming_YT.html]
[gtoria.net/user/profile/Elton_John.html]
[gtoria.net/groups/view/144.html]
[gtoria.net/user/profile/Box.html]
[gtoria.net/user/profile/aocht.html]
[gtoria.net/friends/show/chapter777777.html]
[gtoria.net/friends/show/Scott.html]
[gtoria.net/user/profile/Law333.html]
[gtoria.net/user/profile/Sheesh.html]
[gtoria.net/user/profile/itteh.html]
[gtoria.net/user/profile/NathanChapman.html]
[gtoria.net/user/profile/elcapoto.html]
[gtoria.net/friends/show/elcapoto.html]
[gtoria.net/user/profile/joiny.html]
[gtoria.net/user/profile/battle.html]
[gtoria.net/friends/show/HeckLordMagic.html]
[gtoria.net/user/profile/rewr.html]
[gtoria.net/user/profile/morio.html]
[gtoria.net/user/profile/Loaf.html]
[gtoria.net/user/profile/Parent.html]
[gtoria.net/user/profile/stummy.html]
[gtoria.net/user/profile/matt-2.html]
[gtoria.net/user/profile/DoggoFan64.html]
[gtoria.net/user/profile/i.hate.html]
[gtoria.net/user/profile/bus.html]
[gtoria.net/user/profile/Nuke.html]
[gtoria.net/user/profile/PeterGriffinReal.html]
[gtoria.net/user/profile/Cherry.html]
[gtoria.net/friends/show/Andy.html]
[gtoria.net/user/profile/Ferder56798.html]
[gtoria.net/user/profile/yeah.html]
[gtoria.net/user/profile/Anon.html]
[gtoria.net/user/profile/nave.html]
[gtoria.net/user/profile/Skatix.html]
[gtoria.net/user/profile/FasterHamster.html]
[gtoria.net/user/profile/Avoid.html]
[gtoria.net/user/profile/Service-2.html]
[gtoria.net/user/profile/saul.html]
[gtoria.net/user/profile/Phromes.html]
[gtoria.net/user/profile/tie.html]
[gtoria.net/user/profile/Manciv.html]
[gtoria.net/user/profile/Russia.html]
[gtoria.net/user/profile/Denix.html]
[gtoria.net/groups/view/63.html]
[gtoria.net/user/profile/YesMario.html]
[gtoria.net/groups/view/72.html]
[gtoria.net/user/profile/Jos.html]
[gtoria.net/user/profile/BrokenXZ.html]
[gtoria.net/user/profile/bignuts.html]
[gtoria.net/groups/view/101.html]
[gtoria.net/user/profile/X2A3Q.html]
[gtoria.net/user/profile/old.html]
[gtoria.net/friends/show/ADefaultGuy.html]
[gtoria.net/groups/view/55.html]
[gtoria.net/user/profile/nugget.html]
[gtoria.net/user/profile/karlmines13579.html]
[gtoria.net/user/profile/Luizcholtz.html]
[gtoria.net/user/profile/Zylsia.html]
[gtoria.net/user/profile/Brent.html]
[gtoria.net/friends/show/ohoshk.html]
[gtoria.net/friends/show/Cataskeri.html]
[gtoria.net/friends/show/cyanide.html]
[gtoria.net/user/profile/cupi54.html]
[gtoria.net/user/profile/succ.html]
[gtoria.net/user/profile/mgsgamertv9.html]
[gtoria.net/user/profile/TF2.html]
[gtoria.net/user/profile/nmustafa20091.html]
[gtoria.net/user/profile/OuchMyPhysics.html]
[gtoria.net/user/profile/Eerie.html]
[gtoria.net/user/profile/Marco.html]
[gtoria.net/groups/view/172.html]
[gtoria.net/groups/view/173.html]
[gtoria.net/user/profile/Cubash.html]
[gtoria.net/user/profile/jvsl.html]
[gtoria.net/user/profile/bob.html]
[gtoria.net/user/profile/igames.html]
[gtoria.net/user/profile/ObjectRBLX.html]
[gtoria.net/friends/show/Marco.html]
[gtoria.net/user/profile/Trademark.html]
[gtoria.net/user/profile/Dicreats.html]
[gtoria.net/user/profile/RussianSelever.html]
[gtoria.net/user/profile/VicLetsPlay.html]
[gtoria.net/user/profile/richiemanmario.html]
[gtoria.net/user/profile/mini.html]
[gtoria.net/friends/show/Bonnie_the_bunny.html]
[gtoria.net/user/profile/luc.html]
[gtoria.net/user/profile/Amongus.html]
[gtoria.net/user/profile/Supr.html]
[gtoria.net/user/profile/Sorry.html]
[gtoria.net/user/profile/Yosefalaajel.html]
[gtoria.net/user/profile/chest.html]
[gtoria.net/user/profile/ScorpionStinger.html]
[gtoria.net/user/profile/DaBaby.html]
[gtoria.net/user/profile/Help.html]
[gtoria.net/user/profile/Orgy.html]
[gtoria.net/user/profile/KKK.html]
[gtoria.net/user/profile/GameBoy.html]
[gtoria.net/user/profile/GameCube.html]
[gtoria.net/friends/show/3ds.html]
[gtoria.net/user/profile/Goldman.html]
[gtoria.net/user/profile/Relephonus.html]
[gtoria.net/user/profile/aesthetic.html]
[gtoria.net/user/profile/thief.html]
[gtoria.net/user/profile/OldRobloxian.html]
[gtoria.net/user/profile/Cappsterr.html]
[gtoria.net/user/profile/BarackObama.html]
[gtoria.net/user/profile/Purple.html]
[gtoria.net/user/profile/Max.html]
[gtoria.net/user/profile/Dueliex.html]
[gtoria.net/friends/show/Scott.html]
[gtoria.net/user/profile/Sheesh.html]
[gtoria.net/user/profile/itteh.html]
[gtoria.net/user/profile/NathanChapman.html]
[gtoria.net/friends/show/elcapoto.html]
[gtoria.net/user/profile/morio.html]
[gtoria.net/friends/show/Dueliex.html]
[gtoria.net/user/profile/stummy.html]
[gtoria.net/user/profile/PeterGriffinReal.html]
[gtoria.net/user/profile/Anon.html]
[gtoria.net/user/profile/nave.html]
[gtoria.net/user/profile/Manciv.html]
[gtoria.net/user/profile/Denix.html]
[gtoria.net/user/profile/YesMario.html]
[gtoria.net/groups/view/72.html]
[gtoria.net/user/profile/Jos.html]
[gtoria.net/user/profile/Luizcholtz.html]
[gtoria.net/user/profile/Zylsia.html]
[gtoria.net/user/profile/succ.html]
[gtoria.net/user/profile/nmustafa20091.html]
[gtoria.net/user/profile/OuchMyPhysics.html]
[gtoria.net/user/profile/Eerie.html]
[gtoria.net/friends/show/Marco.html]
[gtoria.net/user/profile/Dicreats.html]
[gtoria.net/user/profile/RussianSelever.html]
[gtoria.net/user/profile/VicLetsPlay.html]
[gtoria.net/user/profile/luc.html]
[gtoria.net/user/profile/Yosefalaajel.html]
[gtoria.net/user/profile/thief.html]
[gtoria.net/user/profile/OldRobloxian.html]
[gtoria.net/user/profile/nick.html]
[gtoria.net/user/profile/Cappsterr.html]
[gtoria.net/user/profile/BarackObama.html]
[gtoria.net/user/profile/Darkness.html]
[gtoria.net/user/profile/claw.html]
[gtoria.net/user/profile/Purple.html]
[gtoria.net/user/profile/Max.html]
[gtoria.net/friends/show/Dueliex.html]
[gtoria.net/user/profile/nick.html]
[gtoria.net/user/profile/NotDueliex.html]
[gtoria.net/user/profile/Darkness.html]
[gtoria.net/user/profile/claw.html]
[gtoria.net/user/profile/NotDueliex.html]
[gtoria.net/friends/show/Darkness.html]
[gtoria.net/friends/show/Darkness.html]
